count: 1
first: 2
second: 3
count: 1
first: 2
second: 4
2 3
